[2018-06-09T20:38:45.540-0400][gc,heap] Heap region size: 1M
[2018-06-09T20:38:45.567-0400][gc     ] Using G1
[2018-06-09T20:38:45.567-0400][gc,heap,coops] Heap address: 0x00000000c0000000, size: 1024 MB, Compressed Oops mode: 32-bit
[2018-06-09T20:38:46.527-0400][gc,start     ] GC(0) Pause Young (G1 Evacuation Pause)
[2018-06-09T20:38:46.528-0400][gc,task      ] GC(0) Using 4 workers of 4 for evacuation
[2018-06-09T20:38:46.543-0400][gc,phases    ] GC(0)   Pre Evacuate Collection Set: 0.0ms
[2018-06-09T20:38:46.543-0400][gc,phases    ] GC(0)   Evacuate Collection Set: 8.7ms
[2018-06-09T20:38:46.543-0400][gc,phases    ] GC(0)   Post Evacuate Collection Set: 5.9ms
[2018-06-09T20:38:46.543-0400][gc,phases    ] GC(0)   Other: 0.4ms
[2018-06-09T20:38:46.543-0400][gc,heap      ] GC(0) Eden regions: 51->0(44)
[2018-06-09T20:38:46.543-0400][gc,heap      ] GC(0) Survivor regions: 0->7(7)
[2018-06-09T20:38:46.543-0400][gc,heap      ] GC(0) Old regions: 0->4
[2018-06-09T20:38:46.543-0400][gc,heap      ] GC(0) Humongous regions: 1->1
[2018-06-09T20:38:46.543-0400][gc,metaspace ] GC(0) Metaspace: 19689K->19689K(1067008K)
[2018-06-09T20:38:46.543-0400][gc           ] GC(0) Pause Young (G1 Evacuation Pause) 52M->11M(1024M) 15.787ms
[2018-06-09T20:38:46.543-0400][gc,cpu       ] GC(0) User=0.04s Sys=0.01s Real=0.02s
[2018-06-09T20:38:46.777-0400][gc,start     ] GC(1) Pause Initial Mark (Metadata GC Threshold)
[2018-06-09T20:38:46.777-0400][gc,task      ] GC(1) Using 4 workers of 4 for evacuation
[2018-06-09T20:38:46.785-0400][gc,phases    ] GC(1)   Pre Evacuate Collection Set: 0.0ms
[2018-06-09T20:38:46.785-0400][gc,phases    ] GC(1)   Evacuate Collection Set: 7.0ms
[2018-06-09T20:38:46.785-0400][gc,phases    ] GC(1)   Post Evacuate Collection Set: 0.6ms
[2018-06-09T20:38:46.785-0400][gc,phases    ] GC(1)   Other: 0.2ms
[2018-06-09T20:38:46.785-0400][gc,heap      ] GC(1) Eden regions: 6->0(49)
[2018-06-09T20:38:46.785-0400][gc,heap      ] GC(1) Survivor regions: 7->2(7)
[2018-06-09T20:38:46.785-0400][gc,heap      ] GC(1) Old regions: 4->10
[2018-06-09T20:38:46.785-0400][gc,heap      ] GC(1) Humongous regions: 1->1
[2018-06-09T20:38:46.785-0400][gc,metaspace ] GC(1) Metaspace: 20555K->20555K(1069056K)
[2018-06-09T20:38:46.785-0400][gc           ] GC(1) Pause Initial Mark (Metadata GC Threshold) 17M->12M(1024M) 7.885ms
[2018-06-09T20:38:46.785-0400][gc,cpu       ] GC(1) User=0.05s Sys=0.02s Real=0.01s
[2018-06-09T20:38:46.785-0400][gc           ] GC(2) Concurrent Cycle
[2018-06-09T20:38:46.785-0400][gc,marking   ] GC(2) Concurrent Clear Claimed Marks
[2018-06-09T20:38:46.785-0400][gc,marking   ] GC(2) Concurrent Clear Claimed Marks 0.030ms
[2018-06-09T20:38:46.785-0400][gc,marking   ] GC(2) Concurrent Scan Root Regions
[2018-06-09T20:38:46.788-0400][gc,marking   ] GC(2) Concurrent Scan Root Regions 2.090ms
[2018-06-09T20:38:46.788-0400][gc,marking   ] GC(2) Concurrent Mark (1.267s)
[2018-06-09T20:38:46.788-0400][gc,marking   ] GC(2) Concurrent Mark From Roots
[2018-06-09T20:38:46.788-0400][gc,task      ] GC(2) Using 1 workers of 1 for marking
[2018-06-09T20:38:46.794-0400][gc,marking   ] GC(2) Concurrent Mark From Roots 6.202ms
[2018-06-09T20:38:46.794-0400][gc,marking   ] GC(2) Concurrent Mark (1.267s, 1.273s) 6.307ms
[2018-06-09T20:38:46.794-0400][gc,start     ] GC(2) Pause Remark
[2018-06-09T20:38:46.796-0400][gc,stringtable] GC(2) Cleaned string and symbol table, strings: 9215 processed, 0 removed, symbols: 68758 processed, 43 removed
[2018-06-09T20:38:46.796-0400][gc            ] GC(2) Pause Remark 13M->13M(1024M) 2.335ms
[2018-06-09T20:38:46.796-0400][gc,cpu        ] GC(2) User=0.00s Sys=0.00s Real=0.00s
[2018-06-09T20:38:46.796-0400][gc,marking    ] GC(2) Concurrent Create Live Data
[2018-06-09T20:38:46.798-0400][gc,marking    ] GC(2) Concurrent Create Live Data 1.570ms
[2018-06-09T20:38:46.798-0400][gc,start      ] GC(2) Pause Cleanup
[2018-06-09T20:38:46.799-0400][gc            ] GC(2) Pause Cleanup 13M->10M(1024M) 0.613ms
[2018-06-09T20:38:46.799-0400][gc,cpu        ] GC(2) User=0.00s Sys=0.00s Real=0.00s
[2018-06-09T20:38:46.799-0400][gc,marking    ] GC(2) Concurrent Complete Cleanup
[2018-06-09T20:38:46.799-0400][gc,marking    ] GC(2) Concurrent Complete Cleanup 0.075ms
[2018-06-09T20:38:46.799-0400][gc,marking    ] GC(2) Concurrent Cleanup for Next Mark
[2018-06-09T20:38:46.816-0400][gc,marking    ] GC(2) Concurrent Cleanup for Next Mark 16.805ms
[2018-06-09T20:38:46.816-0400][gc            ] GC(2) Concurrent Cycle 30.498ms
[2018-06-09T20:38:47.503-0400][gc,start      ] GC(3) Pause Young (G1 Evacuation Pause)
[2018-06-09T20:38:47.503-0400][gc,task       ] GC(3) Using 4 workers of 4 for evacuation
[2018-06-09T20:38:47.511-0400][gc,phases     ] GC(3)   Pre Evacuate Collection Set: 0.0ms
[2018-06-09T20:38:47.511-0400][gc,phases     ] GC(3)   Evacuate Collection Set: 5.7ms
[2018-06-09T20:38:47.511-0400][gc,phases     ] GC(3)   Post Evacuate Collection Set: 2.3ms
[2018-06-09T20:38:47.511-0400][gc,phases     ] GC(3)   Other: 0.2ms
[2018-06-09T20:38:47.511-0400][gc,heap       ] GC(3) Eden regions: 49->0(44)
[2018-06-09T20:38:47.511-0400][gc,heap       ] GC(3) Survivor regions: 2->7(7)
[2018-06-09T20:38:47.511-0400][gc,heap       ] GC(3) Old regions: 7->9
[2018-06-09T20:38:47.511-0400][gc,heap       ] GC(3) Humongous regions: 130->130
[2018-06-09T20:38:47.511-0400][gc,metaspace  ] GC(3) Metaspace: 27938K->27938K(1075200K)
[2018-06-09T20:38:47.511-0400][gc            ] GC(3) Pause Young (G1 Evacuation Pause) 187M->145M(1024M) 8.233ms
[2018-06-09T20:38:47.511-0400][gc,cpu        ] GC(3) User=0.00s Sys=0.00s Real=0.00s
[2018-06-09T20:46:58.606-0400][gc,start      ] GC(4) Pause Young (G1 Evacuation Pause)
[2018-06-09T20:46:58.606-0400][gc,task       ] GC(4) Using 4 workers of 4 for evacuation
[2018-06-09T20:46:58.615-0400][gc,phases     ] GC(4)   Pre Evacuate Collection Set: 0.2ms
[2018-06-09T20:46:58.615-0400][gc,phases     ] GC(4)   Evacuate Collection Set: 6.5ms
[2018-06-09T20:46:58.615-0400][gc,phases     ] GC(4)   Post Evacuate Collection Set: 2.1ms
[2018-06-09T20:46:58.615-0400][gc,phases     ] GC(4)   Other: 0.2ms
[2018-06-09T20:46:58.615-0400][gc,heap       ] GC(4) Eden regions: 44->0(46)
[2018-06-09T20:46:58.615-0400][gc,heap       ] GC(4) Survivor regions: 7->5(7)
[2018-06-09T20:46:58.615-0400][gc,heap       ] GC(4) Old regions: 9->13
[2018-06-09T20:46:58.615-0400][gc,heap       ] GC(4) Humongous regions: 130->130
[2018-06-09T20:46:58.615-0400][gc,metaspace  ] GC(4) Metaspace: 32760K->32760K(1079296K)
[2018-06-09T20:46:58.615-0400][gc            ] GC(4) Pause Young (G1 Evacuation Pause) 189M->147M(1024M) 9.075ms
[2018-06-09T20:46:58.615-0400][gc,cpu        ] GC(4) User=0.02s Sys=0.00s Real=0.01s
[2018-06-09T21:29:53.306-0400][gc,start      ] GC(5) Pause Young (G1 Evacuation Pause)
[2018-06-09T21:29:53.306-0400][gc,task       ] GC(5) Using 4 workers of 4 for evacuation
[2018-06-09T21:29:53.320-0400][gc,phases     ] GC(5)   Pre Evacuate Collection Set: 0.7ms
[2018-06-09T21:29:53.320-0400][gc,phases     ] GC(5)   Evacuate Collection Set: 10.3ms
[2018-06-09T21:29:53.320-0400][gc,phases     ] GC(5)   Post Evacuate Collection Set: 2.4ms
[2018-06-09T21:29:53.320-0400][gc,phases     ] GC(5)   Other: 0.8ms
[2018-06-09T21:29:53.320-0400][gc,heap       ] GC(5) Eden regions: 46->0(50)
[2018-06-09T21:29:53.320-0400][gc,heap       ] GC(5) Survivor regions: 5->1(7)
[2018-06-09T21:29:53.320-0400][gc,heap       ] GC(5) Old regions: 13->14
[2018-06-09T21:29:53.320-0400][gc,heap       ] GC(5) Humongous regions: 130->130
[2018-06-09T21:29:53.320-0400][gc,metaspace  ] GC(5) Metaspace: 33187K->33187K(1079296K)
[2018-06-09T21:29:53.320-0400][gc            ] GC(5) Pause Young (G1 Evacuation Pause) 193M->144M(1024M) 14.854ms
[2018-06-09T21:29:53.321-0400][gc,cpu        ] GC(5) User=0.05s Sys=0.02s Real=0.01s
[2018-06-09T21:59:11.082-0400][gc,start      ] GC(6) Pause Young (G1 Evacuation Pause)
[2018-06-09T21:59:11.082-0400][gc,task       ] GC(6) Using 4 workers of 4 for evacuation
[2018-06-09T21:59:11.087-0400][gc,phases     ] GC(6)   Pre Evacuate Collection Set: 0.1ms
[2018-06-09T21:59:11.088-0400][gc,phases     ] GC(6)   Evacuate Collection Set: 3.5ms
[2018-06-09T21:59:11.088-0400][gc,phases     ] GC(6)   Post Evacuate Collection Set: 1.3ms
[2018-06-09T21:59:11.088-0400][gc,phases     ] GC(6)   Other: 0.6ms
[2018-06-09T21:59:11.088-0400][gc,heap       ] GC(6) Eden regions: 50->0(50)
[2018-06-09T21:59:11.088-0400][gc,heap       ] GC(6) Survivor regions: 1->1(7)
[2018-06-09T21:59:11.088-0400][gc,heap       ] GC(6) Old regions: 14->14
[2018-06-09T21:59:11.088-0400][gc,heap       ] GC(6) Humongous regions: 130->130
[2018-06-09T21:59:11.088-0400][gc,metaspace  ] GC(6) Metaspace: 33406K->33406K(1079296K)
[2018-06-09T21:59:11.088-0400][gc            ] GC(6) Pause Young (G1 Evacuation Pause) 194M->143M(1024M) 5.902ms
[2018-06-09T21:59:11.088-0400][gc,cpu        ] GC(6) User=0.00s Sys=0.00s Real=0.01s
[2018-06-09T22:28:22.566-0400][gc,start      ] GC(7) Pause Young (G1 Evacuation Pause)
[2018-06-09T22:28:22.566-0400][gc,task       ] GC(7) Using 4 workers of 4 for evacuation
[2018-06-09T22:28:22.570-0400][gc,phases     ] GC(7)   Pre Evacuate Collection Set: 0.1ms
[2018-06-09T22:28:22.571-0400][gc,phases     ] GC(7)   Evacuate Collection Set: 2.5ms
[2018-06-09T22:28:22.571-0400][gc,phases     ] GC(7)   Post Evacuate Collection Set: 1.2ms
[2018-06-09T22:28:22.571-0400][gc,phases     ] GC(7)   Other: 0.7ms
[2018-06-09T22:28:22.571-0400][gc,heap       ] GC(7) Eden regions: 50->0(50)
[2018-06-09T22:28:22.571-0400][gc,heap       ] GC(7) Survivor regions: 1->1(7)
[2018-06-09T22:28:22.571-0400][gc,heap       ] GC(7) Old regions: 14->14
[2018-06-09T22:28:22.571-0400][gc,heap       ] GC(7) Humongous regions: 130->130
[2018-06-09T22:28:22.571-0400][gc,metaspace  ] GC(7) Metaspace: 33444K->33444K(1079296K)
[2018-06-09T22:28:22.571-0400][gc            ] GC(7) Pause Young (G1 Evacuation Pause) 193M->143M(1024M) 4.747ms
[2018-06-09T22:28:22.571-0400][gc,cpu        ] GC(7) User=0.00s Sys=0.00s Real=0.00s
[2018-06-09T22:57:53.607-0400][gc,start      ] GC(8) Pause Young (G1 Evacuation Pause)
[2018-06-09T22:57:53.607-0400][gc,task       ] GC(8) Using 4 workers of 4 for evacuation
[2018-06-09T22:57:53.612-0400][gc,phases     ] GC(8)   Pre Evacuate Collection Set: 0.1ms
[2018-06-09T22:57:53.612-0400][gc,phases     ] GC(8)   Evacuate Collection Set: 2.9ms
[2018-06-09T22:57:53.612-0400][gc,phases     ] GC(8)   Post Evacuate Collection Set: 1.2ms
[2018-06-09T22:57:53.612-0400][gc,phases     ] GC(8)   Other: 0.7ms
[2018-06-09T22:57:53.612-0400][gc,heap       ] GC(8) Eden regions: 50->0(50)
[2018-06-09T22:57:53.612-0400][gc,heap       ] GC(8) Survivor regions: 1->1(7)
[2018-06-09T22:57:53.612-0400][gc,heap       ] GC(8) Old regions: 14->14
[2018-06-09T22:57:53.612-0400][gc,heap       ] GC(8) Humongous regions: 130->130
[2018-06-09T22:57:53.612-0400][gc,metaspace  ] GC(8) Metaspace: 33505K->33505K(1079296K)
[2018-06-09T22:57:53.612-0400][gc            ] GC(8) Pause Young (G1 Evacuation Pause) 193M->143M(1024M) 5.108ms
[2018-06-09T22:57:53.612-0400][gc,cpu        ] GC(8) User=0.00s Sys=0.00s Real=0.01s
[2018-06-09T23:27:33.607-0400][gc,start      ] GC(9) Pause Young (G1 Evacuation Pause)
[2018-06-09T23:27:33.607-0400][gc,task       ] GC(9) Using 4 workers of 4 for evacuation
[2018-06-09T23:27:33.611-0400][gc,phases     ] GC(9)   Pre Evacuate Collection Set: 0.1ms
[2018-06-09T23:27:33.611-0400][gc,phases     ] GC(9)   Evacuate Collection Set: 2.7ms
[2018-06-09T23:27:33.611-0400][gc,phases     ] GC(9)   Post Evacuate Collection Set: 1.2ms
[2018-06-09T23:27:33.611-0400][gc,phases     ] GC(9)   Other: 0.7ms
[2018-06-09T23:27:33.611-0400][gc,heap       ] GC(9) Eden regions: 50->0(59)
[2018-06-09T23:27:33.611-0400][gc,heap       ] GC(9) Survivor regions: 1->1(7)
[2018-06-09T23:27:33.611-0400][gc,heap       ] GC(9) Old regions: 14->14
[2018-06-09T23:27:33.612-0400][gc,heap       ] GC(9) Humongous regions: 130->130
[2018-06-09T23:27:33.612-0400][gc,metaspace  ] GC(9) Metaspace: 33508K->33508K(1079296K)
[2018-06-09T23:27:33.612-0400][gc            ] GC(9) Pause Young (G1 Evacuation Pause) 193M->143M(1024M) 4.954ms
[2018-06-09T23:27:33.612-0400][gc,cpu        ] GC(9) User=0.00s Sys=0.00s Real=0.00s
