[2018-06-09T20:38:35.367-0400][gc,heap] Heap region size: 1M
[2018-06-09T20:38:35.382-0400][gc     ] Using G1
[2018-06-09T20:38:35.382-0400][gc,heap,coops] Heap address: 0x00000000e0000000, size: 512 MB, Compressed Oops mode: 32-bit
[2018-06-09T20:46:01.060-0400][gc,start     ] GC(0) Pause Young (G1 Evacuation Pause)
[2018-06-09T20:46:01.060-0400][gc,task      ] GC(0) Using 4 workers of 4 for evacuation
[2018-06-09T20:46:01.070-0400][gc,phases    ] GC(0)   Pre Evacuate Collection Set: 0.1ms
[2018-06-09T20:46:01.070-0400][gc,phases    ] GC(0)   Evacuate Collection Set: 7.8ms
[2018-06-09T20:46:01.070-0400][gc,phases    ] GC(0)   Post Evacuate Collection Set: 1.9ms
[2018-06-09T20:46:01.071-0400][gc,phases    ] GC(0)   Other: 0.2ms
[2018-06-09T20:46:01.071-0400][gc,heap      ] GC(0) Eden regions: 25->0(21)
[2018-06-09T20:46:01.071-0400][gc,heap      ] GC(0) Survivor regions: 0->4(4)
[2018-06-09T20:46:01.071-0400][gc,heap      ] GC(0) Old regions: 0->3
[2018-06-09T20:46:01.071-0400][gc,heap      ] GC(0) Humongous regions: 1->1
[2018-06-09T20:46:01.071-0400][gc,metaspace ] GC(0) Metaspace: 14695K->14695K(1062912K)
[2018-06-09T20:46:01.071-0400][gc           ] GC(0) Pause Young (G1 Evacuation Pause) 26M->7M(512M) 10.349ms
[2018-06-09T20:46:01.071-0400][gc,cpu       ] GC(0) User=0.00s Sys=0.00s Real=0.01s
[2018-06-09T21:26:26.209-0400][gc,heap,exit ] Heap
[2018-06-09T21:26:26.209-0400][gc,heap,exit ]  garbage-first heap   total 524288K, used 15042K [0x00000000e0000000, 0x00000000e0101000, 0x0000000100000000)
[2018-06-09T21:26:26.209-0400][gc,heap,exit ]   region size 1024K, 12 young (12288K), 4 survivors (4096K)
[2018-06-09T21:26:26.209-0400][gc,heap,exit ]  Metaspace       used 15016K, capacity 15572K, committed 15744K, reserved 1062912K
[2018-06-09T21:26:26.209-0400][gc,heap,exit ]   class space    used 1475K, capacity 1583K, committed 1664K, reserved 1048576K
